SQL> 
SQL> DROP ROLE PSUSER;
DROP ROLE PSUSER
          *
ERROR at line 1:
ORA-01919: role 'PSUSER' does not exist


SQL> DROP ROLE PSADMIN;
DROP ROLE PSADMIN
          *
ERROR at line 1:
ORA-01919: role 'PSADMIN' does not exist


SQL> 
SQL> CREATE ROLE PSUSER;

Role created.

SQL> GRANT CREATE SESSION TO PSUSER;

Grant succeeded.

SQL> 
SQL> CREATE ROLE PSADMIN;

Role created.

SQL> GRANT
  2  ANALYZE ANY,
  3  ALTER SESSION, ALTER TABLESPACE, ALTER ROLLBACK SEGMENT,
  4  CREATE CLUSTER, CREATE DATABASE LINK, CREATE PUBLIC DATABASE LINK,
  5  CREATE PUBLIC SYNONYM, CREATE SEQUENCE, CREATE SNAPSHOT,
  6  CREATE SESSION, CREATE SYNONYM, CREATE TABLE, CREATE VIEW,
  7  CREATE PROCEDURE, CREATE TRIGGER, CREATE TABLESPACE, CREATE USER,
  8  CREATE ROLLBACK SEGMENT,
  9  DROP PUBLIC DATABASE LINK, DROP PUBLIC SYNONYM, DROP ROLLBACK SEGMENT,
 10  DROP TABLESPACE, DROP USER, MANAGE TABLESPACE, RESOURCE,
 11  EXP_FULL_DATABASE, IMP_FULL_DATABASE,
 12  GRANT ANY ROLE, ALTER USER, BECOME USER
 13  TO PSADMIN WITH ADMIN OPTION;

Grant succeeded.

SQL> 
SQL> spool off
